I'm sorry, but errors were detected in your script. Please correct the
errors listed below, and try again.


File "game/screens.rpy", line 306: vbox expects a non-empty block.
    if renpy.get_screen("help") is None:
                                        ^

Ren'Py Version: Ren'Py 7.4.2.1292
Mon May 10 16:51:36 2021
